// Jest Snapshot v1, https://goo.gl/fbAQLP

exports[`expect to render TaskDetails component 1`] = `ShallowWrapper {}`;
